// Jest Snapshot v1, https://goo.gl/fbAQLP

exports[`Footer Test Loads Footer 1`] = `
<div>
  <footer
    class="makeStyles-footer-1"
  >
    <p>
       
      2020
       Â© 
      Copyright Wendel Costa
    </p>
  </footer>
</div>
`;
